Using pre-set license
Built from '2022.3/staging' branch; Version is '2022.3.51f1 (9f9d16c45e54) revision 10460438'; Using compiler version '192829333'; Build Type 'Release'
OS: 'Windows 11  (10.0.26100) 64bit Core' Language: 'en' Physical Memory: 31816 MB
BatchMode: 1, IsHumanControllingUs: 0, StartBugReporterOnCrash: 0, Is64bit: 1, IsPro: 1

COMMAND LINE ARGUMENTS:
C:\Program Files\Unity\Hub\Editor\2022.3.51f1\Editor\Unity.exe
-adb2
-batchMode
-noUpm
-name
AssetImportWorker1
-projectPath
C:/Users/jerma/Documents/AirportVR_2022/UnitySourceCode
-logFile
Logs/AssetImportWorker1.log
-srvPort
50199
Successfully changed project path to: C:/Users/jerma/Documents/AirportVR_2022/UnitySourceCode
C:/Users/jerma/Documents/AirportVR_2022/UnitySourceCode
[UnityMemory] Configuration Parameters - Can be set up in boot.config
    "memorysetup-bucket-allocator-granularity=16"
    "memorysetup-bucket-allocator-bucket-count=8"
    "memorysetup-bucket-allocator-block-size=33554432"
    "memorysetup-bucket-allocator-block-count=8"
    "memorysetup-main-allocator-block-size=16777216"
    "memorysetup-thread-allocator-block-size=16777216"
    "memorysetup-gfx-main-allocator-block-size=16777216"
    "memorysetup-gfx-thread-allocator-block-size=16777216"
    "memorysetup-cache-allocator-block-size=4194304"
    "memorysetup-typetree-allocator-block-size=2097152"
    "memorysetup-profiler-bucket-allocator-granularity=16"
    "memorysetup-profiler-bucket-allocator-bucket-count=8"
    "memorysetup-profiler-bucket-allocator-block-size=33554432"
    "memorysetup-profiler-bucket-allocator-block-count=8"
    "memorysetup-profiler-allocator-block-size=16777216"
    "memorysetup-profiler-editor-allocator-block-size=1048576"
    "memorysetup-temp-allocator-size-main=16777216"
    "memorysetup-job-temp-allocator-block-size=2097152"
    "memorysetup-job-temp-allocator-block-size-background=1048576"
    "memorysetup-job-temp-allocator-reduction-small-platforms=262144"
    "memorysetup-allocator-temp-initial-block-size-main=262144"
    "memorysetup-allocator-temp-initial-block-size-worker=262144"
    "memorysetup-temp-allocator-size-background-worker=32768"
    "memorysetup-temp-allocator-size-job-worker=262144"
    "memorysetup-temp-allocator-size-preload-manager=33554432"
    "memorysetup-temp-allocator-size-nav-mesh-worker=65536"
    "memorysetup-temp-allocator-size-audio-worker=65536"
    "memorysetup-temp-allocator-size-cloud-worker=32768"
    "memorysetup-temp-allocator-size-gi-baking-worker=262144"
    "memorysetup-temp-allocator-size-gfx=262144"
Player connection [9260]  Target information:

Player connection [9260]  * "[IP] 192.168.1.228 [Port] 0 [Flags] 2 [Guid] 3686489687 [EditorId] 3686489687 [Version] 1048832 [Id] WindowsEditor(7,DondoLaptop) [Debug] 1 [PackageName] WindowsEditor [ProjectName] Editor" 

Player connection [9260] Host joined multi-casting on [225.0.0.222:54997]...
Player connection [9260] Host joined alternative multi-casting on [225.0.0.222:34997]...
[PhysX] Initialized MultithreadedTaskDispatcher with 24 workers.
Refreshing native plugins compatible for Editor in 6744.13 ms, found 15 plugins.
Preloading 1 native plugins for Editor in 2.13 ms.
Initialize engine version: 2022.3.51f1 (9f9d16c45e54)
[Subsystems] Discovering subsystems at path C:/Program Files/Unity/Hub/Editor/2022.3.51f1/Editor/Data/Resources/UnitySubsystems
[Subsystems] Discovering subsystems at path C:/Users/jerma/Documents/AirportVR_2022/UnitySourceCode/Assets
GfxDevice: creating device client; threaded=0; jobified=0
Direct3D:
    Version:  Direct3D 11.0 [level 11.1]
    Renderer: NVIDIA GeForce RTX 4070 Laptop GPU (ID=0x2860)
    Vendor:   NVIDIA
    VRAM:     7948 MB
    Driver:   32.0.15.6100
Initialize mono
Mono path[0] = 'C:/Program Files/Unity/Hub/Editor/2022.3.51f1/Editor/Data/Managed'
Mono path[1] = 'C:/Program Files/Unity/Hub/Editor/2022.3.51f1/Editor/Data/MonoBleedingEdge/lib/mono/unityjit-win32'
Mono config path = 'C:/Program Files/Unity/Hub/Editor/2022.3.51f1/Editor/Data/MonoBleedingEdge/etc'
Using monoOptions --debugger-agent=transport=dt_socket,embedding=1,server=y,suspend=n,address=127.0.0.1:56512
Begin MonoManager ReloadAssembly
Registering precompiled unity dll's ...
Register platform support module: C:/Program Files/Unity/Hub/Editor/2022.3.51f1/Editor/Data/PlaybackEngines/WindowsStandaloneSupport/UnityEditor.WindowsStandalone.Extensions.dll
Registered in 0.294263 seconds.
- Loaded All Assemblies, in 12.396 seconds
Native extension for WindowsStandalone target not found
Mono: successfully reloaded assembly
- Finished resetting the current domain, in  0.488 seconds
Domain Reload Profiling: 12881ms
	BeginReloadAssembly (9422ms)
		ExecutionOrderSort (0ms)
		DisableScriptedObjects (0ms)
		BackupInstance (0ms)
		ReleaseScriptingObjects (0ms)
		CreateAndSetChildDomain (1ms)
	RebuildCommonClasses (768ms)
	RebuildNativeTypeToScriptingClass (16ms)
	initialDomainReloadingComplete (390ms)
	LoadAllAssembliesAndSetupDomain (1797ms)
		LoadAssemblies (9418ms)
		RebuildTransferFunctionScriptingTraits (0ms)
		AnalyzeDomain (1792ms)
			TypeCache.Refresh (1788ms)
				TypeCache.ScanAssembly (1275ms)
			ScanForSourceGeneratedMonoScriptInfo (1ms)
			ResolveRequiredComponents (1ms)
	FinalizeReload (489ms)
		ReleaseScriptCaches (0ms)
		RebuildScriptCaches (0ms)
		SetupLoadedEditorAssemblies (399ms)
			LogAssemblyErrors (0ms)
			InitializePlatformSupportModulesInManaged (22ms)
			SetLoadedEditorAssemblies (14ms)
			RefreshPlugins (0ms)
			BeforeProcessingInitializeOnLoad (4ms)
			ProcessInitializeOnLoadAttributes (264ms)
			ProcessInitializeOnLoadMethodAttributes (95ms)
			AfterProcessingInitializeOnLoad (0ms)
			EditorAssembliesLoaded (0ms)
		ExecutionOrderSort2 (0ms)
		AwakeInstancesAfterBackupRestoration (0ms)
========================================================================
Worker process is ready to serve import requests
Caller must complete domain reload
Begin MonoManager ReloadAssembly
Duplicate assembly 'Newtonsoft.Json.dll' with different versions detected, using 'Packages/com.unity.nuget.newtonsoft-json/Runtime/Newtonsoft.Json.dll, AssemblyName=Newtonsoft.Json, Version=13.0.0.0, Culture=neutral, PublicKeyToken=30ad4fe6b2a6aeed' and ignoring 'Assets/TextToSpeech/_Generic/3rdParty/JsonDotNet/Newtonsoft.Json.dll, AssemblyName=Newtonsoft.Json, Version=9.0.0.0, Culture=neutral, PublicKeyToken=null'.Symbol file LoadedFromMemory is not a mono symbol file
- Loaded All Assemblies, in 23.495 seconds
Native extension for WindowsStandalone target not found
Package Manager log level set to [2]
[Package Manager] Server::EnsureServerProcessIsRunning -- launch failed, reason: Unity was launched with the -noUpm command-line argument
[Package Manager] UpmClient::Send -- Unable to send message (not connected to UPM process).
[Package Manager] Cannot connect to Unity Package Manager local server
[Package Manager] Server::EnsureServerProcessIsRunning -- launch failed, reason: Unity was launched with the -noUpm command-line argument
[Package Manager] UpmClient::Send -- Unable to send message (not connected to UPM process).
[Package Manager] Cannot connect to Unity Package Manager local server
System.Reflection.TargetInvocationException: Exception has been thrown by the target of an invocation. ---> System.NullReferenceException: Object reference not set to an instance of an object
  at Unity.XR.Oculus.OculusLoader.AssetPathToAbsolutePath (System.String assetPath) [0x00041] in .\Library\PackageCache\com.unity.xr.oculus@4.3.0\Runtime\OculusLoader.cs:307 
  at Unity.XR.Oculus.OculusLoader.EditorLoadOVRPlugin () [0x000dd] in .\Library\PackageCache\com.unity.xr.oculus@4.3.0\Runtime\OculusLoader.cs:292 
  at (wrapper managed-to-native) System.Reflection.RuntimeMethodInfo.InternalInvoke(System.Reflection.RuntimeMethodInfo,object,object[],System.Exception&)
  at System.Reflection.RuntimeMethodInfo.Invoke (System.Object obj, System.Reflection.BindingFlags invokeAttr, System.Reflection.Binder binder, System.Object[] parameters, System.Globalization.CultureInfo culture) [0x0006a] in <1fd52158108c4fe3a6817b50854eb75e>:0 
   --- End of inner exception stack trace ---
  at System.Reflection.RuntimeMethodInfo.Invoke (System.Object obj, System.Reflection.BindingFlags invokeAttr, System.Reflection.Binder binder, System.Object[] parameters, System.Globalization.CultureInfo culture) [0x00083] in <1fd52158108c4fe3a6817b50854eb75e>:0 
  at System.Reflection.MethodBase.Invoke (System.Object obj, System.Object[] parameters) [0x00000] in <1fd52158108c4fe3a6817b50854eb75e>:0 
  at UnityEditor.EditorAssemblies.ProcessInitializeOnLoadMethodAttributes () [0x000a5] in <863800b36fd24ebc9a9b0a985ae0ee1a>:0 
UnityEngine.StackTraceUtility:ExtractStackTrace ()
UnityEngine.DebugLogHandler:LogFormat (UnityEngine.LogType,UnityEngine.Object,string,object[])
UnityEngine.Logger:Log (UnityEngine.LogType,object)
UnityEngine.Debug:LogError (object)
UnityEditor.EditorAssemblies:ProcessInitializeOnLoadMethodAttributes ()

Mono: successfully reloaded assembly
[Package Manager] Server::EnsureServerProcessIsRunning -- launch failed, reason: Unity was launched with the -noUpm command-line argument
[Package Manager] UpmClient::Send -- Unable to send message (not connected to UPM process).
[Package Manager] Cannot connect to Unity Package Manager local server
[Package Manager] Server::EnsureServerProcessIsRunning -- launch failed, reason: Unity was launched with the -noUpm command-line argument
[Package Manager] UpmClient::Send -- Unable to send message (not connected to UPM process).
[Package Manager] Cannot connect to Unity Package Manager local server
- Finished resetting the current domain, in  3.811 seconds
Domain Reload Profiling: 27290ms
	BeginReloadAssembly (240ms)
		ExecutionOrderSort (0ms)
		DisableScriptedObjects (7ms)
		BackupInstance (0ms)
		ReleaseScriptingObjects (0ms)
		CreateAndSetChildDomain (37ms)
	RebuildCommonClasses (51ms)
	RebuildNativeTypeToScriptingClass (14ms)
	initialDomainReloadingComplete (82ms)
	LoadAllAssembliesAndSetupDomain (23091ms)
		LoadAssemblies (21615ms)
		RebuildTransferFunctionScriptingTraits (0ms)
		AnalyzeDomain (1613ms)
			TypeCache.Refresh (1527ms)
				TypeCache.ScanAssembly (1173ms)
			ScanForSourceGeneratedMonoScriptInfo (68ms)
			ResolveRequiredComponents (13ms)
	FinalizeReload (3812ms)
		ReleaseScriptCaches (0ms)
		RebuildScriptCaches (0ms)
		SetupLoadedEditorAssemblies (3513ms)
			LogAssemblyErrors (0ms)
			InitializePlatformSupportModulesInManaged (12ms)
			SetLoadedEditorAssemblies (13ms)
			RefreshPlugins (0ms)
			BeforeProcessingInitializeOnLoad (209ms)
			ProcessInitializeOnLoadAttributes (1685ms)
			ProcessInitializeOnLoadMethodAttributes (1581ms)
			AfterProcessingInitializeOnLoad (13ms)
			EditorAssembliesLoaded (1ms)
		ExecutionOrderSort2 (0ms)
		AwakeInstancesAfterBackupRestoration (12ms)
Launched and connected shader compiler UnityShaderCompiler.exe after 0.19 seconds
Refreshing native plugins compatible for Editor in 108.93 ms, found 15 plugins.
Preloading 1 native plugins for Editor in 0.27 ms.
Unloading 4840 Unused Serialized files (Serialized files now loaded: 0)
Unloading 163 unused Assets / (2.4 MB). Loaded Objects now: 5245.
Memory consumption went from 215.3 MB to 212.9 MB.
Total: 27.828400 ms (FindLiveObjects: 1.576600 ms CreateObjectMapping: 1.029900 ms MarkObjects: 23.401300 ms  DeleteObjects: 1.816600 ms)

AssetImportParameters requested are different than current active one (requested -> active):
  custom:container-demuxer-ogg: 62fdf1f143b41e24485cea50d1cbac27 -> 
  custom:video-codec-MediaFoundation-h265: 746d11721c4dcdbdad8f713fa42b33f4 -> 
  custom:video-decoder-ogg-theora: a1e56fd34408186e4bbccfd4996cb3dc -> 
  custom:framework-win-MediaFoundation: 216162199b28c13a410421893ffa2e32 -> 
  custom:CustomObjectIndexerAttribute: 9c0a6f158982889a76e68caa782cc08c -> 
  custom:container-demuxer-webm: 4f35f7cbe854078d1ac9338744f61a02 -> 
  custom:container-muxer-webm: aa71ff27fc2769a1b78a27578f13a17b -> 
  custom:video-decoder-webm-vp8: 9c59270c3fd7afecdb556c50c9e8de78 -> 
  custom:SearchIndexIgnoredProperties: e643bd26f0fe6173181afceb89e7c659 -> 
  custom:AudioImporter_EditorPlatform: d09bf68614088b80899f8185d706f6e7 -> 
  custom:video-encoder-webm-vp8: eb34c28f22e8b96e1ab97ce403110664 -> 
  custom:audio-decoder-ogg-vorbis: bf7c407c2cedff20999df2af8eb42d56 -> 
  custom:audio-encoder-webm-vorbis: bf7c407c2cedff20999df2af8eb42d56 -> 
========================================================================
Received Import Request.
  Time since last request: 9794.882866 seconds.
  path: Assets/UMA/Content/Core/HumanMale/Slots/Body/MaleSwappedHead/MaleAnimeElvenEars/UMA_Human_Male_Head_AnimeElvenEars_Slot.asset
  artifactKey: Guid(b559988151a9968448a5a98f91486a90) Importer(815301076,1909f56bfc062723c751e8b465ee728b)
Start importing Assets/UMA/Content/Core/HumanMale/Slots/Body/MaleSwappedHead/MaleAnimeElvenEars/UMA_Human_Male_Head_AnimeElvenEars_Slot.asset using Guid(b559988151a9968448a5a98f91486a90) Importer(815301076,1909f56bfc062723c751e8b465ee728b) [PhysX] Initialized MultithreadedTaskDispatcher with 24 workers.
 -> (artifact id: '719792346f250108ce173202b1873cc1') in 0.153945 seconds
Number of updated asset objects reloaded before import = 0
Number of asset objects unloaded after import = 3
========================================================================
Received Import Request.
  Time since last request: 0.000110 seconds.
  path: Assets/ProceduralToolkit/Samples/SDF/Animation.mat
  artifactKey: Guid(cb2d5fdbda83f08438d1bd19f1c715e1) Importer(815301076,1909f56bfc062723c751e8b465ee728b)
Start importing Assets/ProceduralToolkit/Samples/SDF/Animation.mat using Guid(cb2d5fdbda83f08438d1bd19f1c715e1) Importer(815301076,1909f56bfc062723c751e8b465ee728b) [PhysX] Initialized MultithreadedTaskDispatcher with 24 workers.
[PhysX] Initialized MultithreadedTaskDispatcher with 24 workers.
 -> (artifact id: 'ee7bdc608c1ebf2b2ee48fb10c81e73d') in 0.183509 seconds
Number of updated asset objects reloaded before import = 0
Number of asset objects unloaded after import = 1
========================================================================
Received Import Request.
  Time since last request: 686.591235 seconds.
  path: Assets/VIDE/Data/DemoAssets/Materials/BlueForPainting.mat
  artifactKey: Guid(c27caa0bc6fbc6342b6d33ec7cad8f49) Importer(815301076,1909f56bfc062723c751e8b465ee728b)
Start importing Assets/VIDE/Data/DemoAssets/Materials/BlueForPainting.mat using Guid(c27caa0bc6fbc6342b6d33ec7cad8f49) Importer(815301076,1909f56bfc062723c751e8b465ee728b) [PhysX] Initialized MultithreadedTaskDispatcher with 24 workers.
[PhysX] Initialized MultithreadedTaskDispatcher with 24 workers.
 -> (artifact id: '7d44d94a59043cc4f6a008bbb677cbb6') in 0.081950 seconds
Number of updated asset objects reloaded before import = 0
Number of asset objects unloaded after import = 1
========================================================================
Received Import Request.
  Time since last request: 0.000050 seconds.
  path: Assets/UMA/Examples/DynamicCharacterSystem Examples/Assets/DemoAssetBundles/Werewolf/RaceBase/Expressions/Werewolf Poses/EyeSquint_R.asset
  artifactKey: Guid(f1515684a3ffbea4aabbf0e3a4423eff) Importer(815301076,1909f56bfc062723c751e8b465ee728b)
Start importing Assets/UMA/Examples/DynamicCharacterSystem Examples/Assets/DemoAssetBundles/Werewolf/RaceBase/Expressions/Werewolf Poses/EyeSquint_R.asset using Guid(f1515684a3ffbea4aabbf0e3a4423eff) Importer(815301076,1909f56bfc062723c751e8b465ee728b) [PhysX] Initialized MultithreadedTaskDispatcher with 24 workers.
 -> (artifact id: '3f1cb5ac4bebebd051cb0ec20d80df3b') in 0.025678 seconds
Number of updated asset objects reloaded before import = 0
Number of asset objects unloaded after import = 1
========================================================================
Received Import Request.
  Time since last request: 0.000072 seconds.
  path: Assets/Airport_scene/Textures_props/burgerpoint.bmp
  artifactKey: Guid(7bcccaebbdd95714f962539c9787c4ae) Importer(815301076,1909f56bfc062723c751e8b465ee728b)
Start importing Assets/Airport_scene/Textures_props/burgerpoint.bmp using Guid(7bcccaebbdd95714f962539c9787c4ae) Importer(815301076,1909f56bfc062723c751e8b465ee728b) [PhysX] Initialized MultithreadedTaskDispatcher with 24 workers.
[PhysX] Initialized MultithreadedTaskDispatcher with 24 workers.
 -> (artifact id: 'ca39bdac9335cad0e4c0cb282691636c') in 0.065151 seconds
Number of updated asset objects reloaded before import = 0
Number of asset objects unloaded after import = 2
========================================================================
Received Import Request.
  Time since last request: 0.000088 seconds.
  path: Assets/UMA/Content/Core/HumanMale/Expressions/Male Poses/EyesSquint.asset
  artifactKey: Guid(40ed563029b711f4bb107955626af9d8) Importer(815301076,1909f56bfc062723c751e8b465ee728b)
Start importing Assets/UMA/Content/Core/HumanMale/Expressions/Male Poses/EyesSquint.asset using Guid(40ed563029b711f4bb107955626af9d8) Importer(815301076,1909f56bfc062723c751e8b465ee728b) [PhysX] Initialized MultithreadedTaskDispatcher with 24 workers.
 -> (artifact id: 'c24f509541515ae3c3da24d777814935') in 0.003072 seconds
Number of updated asset objects reloaded before import = 0
Number of asset objects unloaded after import = 1
========================================================================
Received Import Request.
  Time since last request: 0.000097 seconds.
  path: Assets/UMA/Examples/DynamicCharacterSystem Examples/Assets/DemoAssetBundles/ToonShared/RaceBase/Expressions/ToonPoses/EyesSquint-L.asset
  artifactKey: Guid(590e85748f0c2294cb8588e72fdbe0c6) Importer(815301076,1909f56bfc062723c751e8b465ee728b)
Start importing Assets/UMA/Examples/DynamicCharacterSystem Examples/Assets/DemoAssetBundles/ToonShared/RaceBase/Expressions/ToonPoses/EyesSquint-L.asset using Guid(590e85748f0c2294cb8588e72fdbe0c6) Importer(815301076,1909f56bfc062723c751e8b465ee728b) [PhysX] Initialized MultithreadedTaskDispatcher with 24 workers.
 -> (artifact id: '9a21492ce1bd5e76876691de6cc025e7') in 0.022536 seconds
Number of updated asset objects reloaded before import = 0
Number of asset objects unloaded after import = 1
========================================================================
Received Import Request.
  Time since last request: 0.000125 seconds.
  path: Assets/UMA/Content/Core/HumanFemale/Expressions/Female Poses/EyeSquint_L.asset
  artifactKey: Guid(9fd2ca68cf59f4b159e70e86afc58ade) Importer(815301076,1909f56bfc062723c751e8b465ee728b)
Start importing Assets/UMA/Content/Core/HumanFemale/Expressions/Female Poses/EyeSquint_L.asset using Guid(9fd2ca68cf59f4b159e70e86afc58ade) Importer(815301076,1909f56bfc062723c751e8b465ee728b) [PhysX] Initialized MultithreadedTaskDispatcher with 24 workers.
 -> (artifact id: '8e38190723a183a218f0ddb55931d03a') in 0.027054 seconds
Number of updated asset objects reloaded before import = 0
Number of asset objects unloaded after import = 1
========================================================================
Received Import Request.
  Time since last request: 0.000194 seconds.
  path: Assets/UMA/Content/Core/HumanFemale/Expressions/Female Poses/EyesSquint.asset
  artifactKey: Guid(6081930719d7b4d56bba610c8781bad2) Importer(815301076,1909f56bfc062723c751e8b465ee728b)
Start importing Assets/UMA/Content/Core/HumanFemale/Expressions/Female Poses/EyesSquint.asset using Guid(6081930719d7b4d56bba610c8781bad2) Importer(815301076,1909f56bfc062723c751e8b465ee728b) [PhysX] Initialized MultithreadedTaskDispatcher with 24 workers.
 -> (artifact id: 'be480699fda2c71cdc6122c2c3c1829b') in 0.003385 seconds
Number of updated asset objects reloaded before import = 0
Number of asset objects unloaded after import = 1
========================================================================
Received Import Request.
  Time since last request: 0.000156 seconds.
  path: Assets/UMA/Examples/DynamicCharacterSystem Examples/Assets/DemoAssetBundles/ToonShared/RaceBase/Expressions/ToonPoses/EyesSquint-R.asset
  artifactKey: Guid(3ff9c3f3d36dd4e458609d4889364845) Importer(815301076,1909f56bfc062723c751e8b465ee728b)
Start importing Assets/UMA/Examples/DynamicCharacterSystem Examples/Assets/DemoAssetBundles/ToonShared/RaceBase/Expressions/ToonPoses/EyesSquint-R.asset using Guid(3ff9c3f3d36dd4e458609d4889364845) Importer(815301076,1909f56bfc062723c751e8b465ee728b) [PhysX] Initialized MultithreadedTaskDispatcher with 24 workers.
 -> (artifact id: 'c17c3e4e580ea7057d3c74a35a68200b') in 0.028347 seconds
Number of updated asset objects reloaded before import = 0
Number of asset objects unloaded after import = 1
========================================================================
Received Import Request.
  Time since last request: 0.000243 seconds.
  path: Assets/UMA/Content/Core/HumanFemale/Expressions/Female Poses/EyeSquint_R.asset
  artifactKey: Guid(9726415fdf56c41f0a77c80409c9d299) Importer(815301076,1909f56bfc062723c751e8b465ee728b)
Start importing Assets/UMA/Content/Core/HumanFemale/Expressions/Female Poses/EyeSquint_R.asset using Guid(9726415fdf56c41f0a77c80409c9d299) Importer(815301076,1909f56bfc062723c751e8b465ee728b) [PhysX] Initialized MultithreadedTaskDispatcher with 24 workers.
 -> (artifact id: 'd108a85cd00849ef6542699677a73ec3') in 0.033005 seconds
Number of updated asset objects reloaded before import = 0
Number of asset objects unloaded after import = 1
========================================================================
Received Import Request.
  Time since last request: 0.000043 seconds.
  path: Assets/UMA/Content/Core/HumanMale/Expressions/Male Poses/EyeSquint_R.asset
  artifactKey: Guid(8aa341794f9777842b5e7df7680a9d5d) Importer(815301076,1909f56bfc062723c751e8b465ee728b)
Start importing Assets/UMA/Content/Core/HumanMale/Expressions/Male Poses/EyeSquint_R.asset using Guid(8aa341794f9777842b5e7df7680a9d5d) Importer(815301076,1909f56bfc062723c751e8b465ee728b) [PhysX] Initialized MultithreadedTaskDispatcher with 24 workers.
 -> (artifact id: 'a6b6d282978a441a4277bd516407774f') in 0.007065 seconds
Number of updated asset objects reloaded before import = 0
Number of asset objects unloaded after import = 1
========================================================================
Received Import Request.
  Time since last request: 0.000037 seconds.
  path: Assets/UMA/Examples/DynamicCharacterSystem Examples/Assets/DemoAssetBundles/Werewolf/RaceBase/Expressions/Werewolf Poses/EyesSquint.asset
  artifactKey: Guid(a63612291f6a75b4290ae4de89d369d5) Importer(815301076,1909f56bfc062723c751e8b465ee728b)
Start importing Assets/UMA/Examples/DynamicCharacterSystem Examples/Assets/DemoAssetBundles/Werewolf/RaceBase/Expressions/Werewolf Poses/EyesSquint.asset using Guid(a63612291f6a75b4290ae4de89d369d5) Importer(815301076,1909f56bfc062723c751e8b465ee728b) [PhysX] Initialized MultithreadedTaskDispatcher with 24 workers.
 -> (artifact id: '2da83c9f79bf3a1223df9f71825e9005') in 0.002733 seconds
Number of updated asset objects reloaded before import = 0
Number of asset objects unloaded after import = 1
========================================================================
Received Import Request.
  Time since last request: 0.000058 seconds.
  path: Assets/UMA/Examples/DynamicCharacterSystem Examples/Assets/DemoAssetBundles/Werewolf/RaceBase/Expressions/Werewolf Poses/EyeSquint_L.asset
  artifactKey: Guid(51b6326035d23c649aca5e88b7d3e6c7) Importer(815301076,1909f56bfc062723c751e8b465ee728b)
Start importing Assets/UMA/Examples/DynamicCharacterSystem Examples/Assets/DemoAssetBundles/Werewolf/RaceBase/Expressions/Werewolf Poses/EyeSquint_L.asset using Guid(51b6326035d23c649aca5e88b7d3e6c7) Importer(815301076,1909f56bfc062723c751e8b465ee728b) [PhysX] Initialized MultithreadedTaskDispatcher with 24 workers.
 -> (artifact id: '7889f03da81d60b10d02a0b4828ecbe3') in 0.020564 seconds
Number of updated asset objects reloaded before import = 0
Number of asset objects unloaded after import = 1
Editor requested this worker to shutdown with reason: Scaling down because of idle timeout
TcpMessagingSession - receive error: operation aborted. errorcode: 995, details: The I/O operation has been aborted because of either a thread exit or an application request.
AssetImportWorker is now disconnected from the server
Process exiting
Exiting without the bug reporter. Application will terminate with return code 0