Using pre-set license
Built from '2022.3/staging' branch; Version is '2022.3.51f1 (9f9d16c45e54) revision 10460438'; Using compiler version '192829333'; Build Type 'Release'
OS: 'Windows 11  (10.0.26100) 64bit Core' Language: 'en' Physical Memory: 31816 MB
BatchMode: 1, IsHumanControllingUs: 0, StartBugReporterOnCrash: 0, Is64bit: 1, IsPro: 1

COMMAND LINE ARGUMENTS:
C:\Program Files\Unity\Hub\Editor\2022.3.51f1\Editor\Unity.exe
-adb2
-batchMode
-noUpm
-name
AssetImportWorker0
-projectPath
C:/Users/jerma/Documents/AirportVR_2022/UnitySourceCode
-logFile
Logs/AssetImportWorker0.log
-srvPort
50199
Successfully changed project path to: C:/Users/jerma/Documents/AirportVR_2022/UnitySourceCode
C:/Users/jerma/Documents/AirportVR_2022/UnitySourceCode
[UnityMemory] Configuration Parameters - Can be set up in boot.config
    "memorysetup-bucket-allocator-granularity=16"
    "memorysetup-bucket-allocator-bucket-count=8"
    "memorysetup-bucket-allocator-block-size=33554432"
    "memorysetup-bucket-allocator-block-count=8"
    "memorysetup-main-allocator-block-size=16777216"
    "memorysetup-thread-allocator-block-size=16777216"
    "memorysetup-gfx-main-allocator-block-size=16777216"
    "memorysetup-gfx-thread-allocator-block-size=16777216"
    "memorysetup-cache-allocator-block-size=4194304"
    "memorysetup-typetree-allocator-block-size=2097152"
    "memorysetup-profiler-bucket-allocator-granularity=16"
    "memorysetup-profiler-bucket-allocator-bucket-count=8"
    "memorysetup-profiler-bucket-allocator-block-size=33554432"
    "memorysetup-profiler-bucket-allocator-block-count=8"
    "memorysetup-profiler-allocator-block-size=16777216"
    "memorysetup-profiler-editor-allocator-block-size=1048576"
    "memorysetup-temp-allocator-size-main=16777216"
    "memorysetup-job-temp-allocator-block-size=2097152"
    "memorysetup-job-temp-allocator-block-size-background=1048576"
    "memorysetup-job-temp-allocator-reduction-small-platforms=262144"
    "memorysetup-allocator-temp-initial-block-size-main=262144"
    "memorysetup-allocator-temp-initial-block-size-worker=262144"
    "memorysetup-temp-allocator-size-background-worker=32768"
    "memorysetup-temp-allocator-size-job-worker=262144"
    "memorysetup-temp-allocator-size-preload-manager=33554432"
    "memorysetup-temp-allocator-size-nav-mesh-worker=65536"
    "memorysetup-temp-allocator-size-audio-worker=65536"
    "memorysetup-temp-allocator-size-cloud-worker=32768"
    "memorysetup-temp-allocator-size-gi-baking-worker=262144"
    "memorysetup-temp-allocator-size-gfx=262144"
Player connection [33892]  Target information:

Player connection [33892]  * "[IP] 192.168.1.228 [Port] 0 [Flags] 2 [Guid] 933275957 [EditorId] 933275957 [Version] 1048832 [Id] WindowsEditor(7,DondoLaptop) [Debug] 1 [PackageName] WindowsEditor [ProjectName] Editor" 

Player connection [33892] Host joined multi-casting on [225.0.0.222:54997]...
Player connection [33892] Host joined alternative multi-casting on [225.0.0.222:34997]...
[PhysX] Initialized MultithreadedTaskDispatcher with 24 workers.
Refreshing native plugins compatible for Editor in 6743.86 ms, found 15 plugins.
Preloading 1 native plugins for Editor in 2.07 ms.
Initialize engine version: 2022.3.51f1 (9f9d16c45e54)
[Subsystems] Discovering subsystems at path C:/Program Files/Unity/Hub/Editor/2022.3.51f1/Editor/Data/Resources/UnitySubsystems
[Subsystems] Discovering subsystems at path C:/Users/jerma/Documents/AirportVR_2022/UnitySourceCode/Assets
GfxDevice: creating device client; threaded=0; jobified=0
Direct3D:
    Version:  Direct3D 11.0 [level 11.1]
    Renderer: NVIDIA GeForce RTX 4070 Laptop GPU (ID=0x2860)
    Vendor:   NVIDIA
    VRAM:     7948 MB
    Driver:   32.0.15.6100
Initialize mono
Mono path[0] = 'C:/Program Files/Unity/Hub/Editor/2022.3.51f1/Editor/Data/Managed'
Mono path[1] = 'C:/Program Files/Unity/Hub/Editor/2022.3.51f1/Editor/Data/MonoBleedingEdge/lib/mono/unityjit-win32'
Mono config path = 'C:/Program Files/Unity/Hub/Editor/2022.3.51f1/Editor/Data/MonoBleedingEdge/etc'
Using monoOptions --debugger-agent=transport=dt_socket,embedding=1,server=y,suspend=n,address=127.0.0.1:56512
Begin MonoManager ReloadAssembly
Registering precompiled unity dll's ...
Register platform support module: C:/Program Files/Unity/Hub/Editor/2022.3.51f1/Editor/Data/PlaybackEngines/WindowsStandaloneSupport/UnityEditor.WindowsStandalone.Extensions.dll
Registered in 0.291322 seconds.
- Loaded All Assemblies, in 12.395 seconds
Native extension for WindowsStandalone target not found
Mono: successfully reloaded assembly
- Finished resetting the current domain, in  0.487 seconds
Domain Reload Profiling: 12880ms
	BeginReloadAssembly (9424ms)
		ExecutionOrderSort (0ms)
		DisableScriptedObjects (0ms)
		BackupInstance (0ms)
		ReleaseScriptingObjects (0ms)
		CreateAndSetChildDomain (1ms)
	RebuildCommonClasses (770ms)
	RebuildNativeTypeToScriptingClass (16ms)
	initialDomainReloadingComplete (385ms)
	LoadAllAssembliesAndSetupDomain (1796ms)
		LoadAssemblies (9420ms)
		RebuildTransferFunctionScriptingTraits (0ms)
		AnalyzeDomain (1793ms)
			TypeCache.Refresh (1789ms)
				TypeCache.ScanAssembly (1277ms)
			ScanForSourceGeneratedMonoScriptInfo (1ms)
			ResolveRequiredComponents (1ms)
	FinalizeReload (488ms)
		ReleaseScriptCaches (0ms)
		RebuildScriptCaches (0ms)
		SetupLoadedEditorAssemblies (400ms)
			LogAssemblyErrors (0ms)
			InitializePlatformSupportModulesInManaged (21ms)
			SetLoadedEditorAssemblies (14ms)
			RefreshPlugins (0ms)
			BeforeProcessingInitializeOnLoad (4ms)
			ProcessInitializeOnLoadAttributes (267ms)
			ProcessInitializeOnLoadMethodAttributes (95ms)
			AfterProcessingInitializeOnLoad (0ms)
			EditorAssembliesLoaded (0ms)
		ExecutionOrderSort2 (0ms)
		AwakeInstancesAfterBackupRestoration (0ms)
========================================================================
Worker process is ready to serve import requests
Caller must complete domain reload
Begin MonoManager ReloadAssembly
Duplicate assembly 'Newtonsoft.Json.dll' with different versions detected, using 'Packages/com.unity.nuget.newtonsoft-json/Runtime/Newtonsoft.Json.dll, AssemblyName=Newtonsoft.Json, Version=13.0.0.0, Culture=neutral, PublicKeyToken=30ad4fe6b2a6aeed' and ignoring 'Assets/TextToSpeech/_Generic/3rdParty/JsonDotNet/Newtonsoft.Json.dll, AssemblyName=Newtonsoft.Json, Version=9.0.0.0, Culture=neutral, PublicKeyToken=null'.Symbol file LoadedFromMemory is not a mono symbol file
- Loaded All Assemblies, in 23.495 seconds
Native extension for WindowsStandalone target not found
Package Manager log level set to [2]
[Package Manager] Server::EnsureServerProcessIsRunning -- launch failed, reason: Unity was launched with the -noUpm command-line argument
[Package Manager] UpmClient::Send -- Unable to send message (not connected to UPM process).
[Package Manager] Cannot connect to Unity Package Manager local server
[Package Manager] Server::EnsureServerProcessIsRunning -- launch failed, reason: Unity was launched with the -noUpm command-line argument
[Package Manager] UpmClient::Send -- Unable to send message (not connected to UPM process).
[Package Manager] Cannot connect to Unity Package Manager local server
System.Reflection.TargetInvocationException: Exception has been thrown by the target of an invocation. ---> System.NullReferenceException: Object reference not set to an instance of an object
  at Unity.XR.Oculus.OculusLoader.AssetPathToAbsolutePath (System.String assetPath) [0x00041] in .\Library\PackageCache\com.unity.xr.oculus@4.3.0\Runtime\OculusLoader.cs:307 
  at Unity.XR.Oculus.OculusLoader.EditorLoadOVRPlugin () [0x000dd] in .\Library\PackageCache\com.unity.xr.oculus@4.3.0\Runtime\OculusLoader.cs:292 
  at (wrapper managed-to-native) System.Reflection.RuntimeMethodInfo.InternalInvoke(System.Reflection.RuntimeMethodInfo,object,object[],System.Exception&)
  at System.Reflection.RuntimeMethodInfo.Invoke (System.Object obj, System.Reflection.BindingFlags invokeAttr, System.Reflection.Binder binder, System.Object[] parameters, System.Globalization.CultureInfo culture) [0x0006a] in <1fd52158108c4fe3a6817b50854eb75e>:0 
   --- End of inner exception stack trace ---
  at System.Reflection.RuntimeMethodInfo.Invoke (System.Object obj, System.Reflection.BindingFlags invokeAttr, System.Reflection.Binder binder, System.Object[] parameters, System.Globalization.CultureInfo culture) [0x00083] in <1fd52158108c4fe3a6817b50854eb75e>:0 
  at System.Reflection.MethodBase.Invoke (System.Object obj, System.Object[] parameters) [0x00000] in <1fd52158108c4fe3a6817b50854eb75e>:0 
  at UnityEditor.EditorAssemblies.ProcessInitializeOnLoadMethodAttributes () [0x000a5] in <863800b36fd24ebc9a9b0a985ae0ee1a>:0 
UnityEngine.StackTraceUtility:ExtractStackTrace ()
UnityEngine.DebugLogHandler:LogFormat (UnityEngine.LogType,UnityEngine.Object,string,object[])
UnityEngine.Logger:Log (UnityEngine.LogType,object)
UnityEngine.Debug:LogError (object)
UnityEditor.EditorAssemblies:ProcessInitializeOnLoadMethodAttributes ()

Mono: successfully reloaded assembly
[Package Manager] Server::EnsureServerProcessIsRunning -- launch failed, reason: Unity was launched with the -noUpm command-line argument
[Package Manager] UpmClient::Send -- Unable to send message (not connected to UPM process).
[Package Manager] Cannot connect to Unity Package Manager local server
[Package Manager] Server::EnsureServerProcessIsRunning -- launch failed, reason: Unity was launched with the -noUpm command-line argument
[Package Manager] UpmClient::Send -- Unable to send message (not connected to UPM process).
[Package Manager] Cannot connect to Unity Package Manager local server
- Finished resetting the current domain, in  3.807 seconds
Domain Reload Profiling: 27287ms
	BeginReloadAssembly (241ms)
		ExecutionOrderSort (0ms)
		DisableScriptedObjects (7ms)
		BackupInstance (0ms)
		ReleaseScriptingObjects (0ms)
		CreateAndSetChildDomain (40ms)
	RebuildCommonClasses (52ms)
	RebuildNativeTypeToScriptingClass (14ms)
	initialDomainReloadingComplete (82ms)
	LoadAllAssembliesAndSetupDomain (23090ms)
		LoadAssemblies (21615ms)
		RebuildTransferFunctionScriptingTraits (0ms)
		AnalyzeDomain (1611ms)
			TypeCache.Refresh (1527ms)
				TypeCache.ScanAssembly (1174ms)
			ScanForSourceGeneratedMonoScriptInfo (66ms)
			ResolveRequiredComponents (15ms)
	FinalizeReload (3808ms)
		ReleaseScriptCaches (0ms)
		RebuildScriptCaches (0ms)
		SetupLoadedEditorAssemblies (3518ms)
			LogAssemblyErrors (0ms)
			InitializePlatformSupportModulesInManaged (12ms)
			SetLoadedEditorAssemblies (13ms)
			RefreshPlugins (0ms)
			BeforeProcessingInitializeOnLoad (212ms)
			ProcessInitializeOnLoadAttributes (1689ms)
			ProcessInitializeOnLoadMethodAttributes (1579ms)
			AfterProcessingInitializeOnLoad (13ms)
			EditorAssembliesLoaded (1ms)
		ExecutionOrderSort2 (0ms)
		AwakeInstancesAfterBackupRestoration (12ms)
Launched and connected shader compiler UnityShaderCompiler.exe after 0.19 seconds
Refreshing native plugins compatible for Editor in 110.56 ms, found 15 plugins.
Preloading 1 native plugins for Editor in 0.23 ms.
Unloading 4840 Unused Serialized files (Serialized files now loaded: 0)
Unloading 163 unused Assets / (2.4 MB). Loaded Objects now: 5245.
Memory consumption went from 215.3 MB to 212.9 MB.
Total: 26.399800 ms (FindLiveObjects: 1.247200 ms CreateObjectMapping: 0.541600 ms MarkObjects: 22.601600 ms  DeleteObjects: 1.998900 ms)

AssetImportParameters requested are different than current active one (requested -> active):
  custom:container-demuxer-ogg: 62fdf1f143b41e24485cea50d1cbac27 -> 
  custom:video-codec-MediaFoundation-h265: 746d11721c4dcdbdad8f713fa42b33f4 -> 
  custom:video-decoder-ogg-theora: a1e56fd34408186e4bbccfd4996cb3dc -> 
  custom:framework-win-MediaFoundation: 216162199b28c13a410421893ffa2e32 -> 
  custom:CustomObjectIndexerAttribute: 9c0a6f158982889a76e68caa782cc08c -> 
  custom:container-demuxer-webm: 4f35f7cbe854078d1ac9338744f61a02 -> 
  custom:container-muxer-webm: aa71ff27fc2769a1b78a27578f13a17b -> 
  custom:video-decoder-webm-vp8: 9c59270c3fd7afecdb556c50c9e8de78 -> 
  custom:SearchIndexIgnoredProperties: e643bd26f0fe6173181afceb89e7c659 -> 
  custom:AudioImporter_EditorPlatform: d09bf68614088b80899f8185d706f6e7 -> 
  custom:video-encoder-webm-vp8: eb34c28f22e8b96e1ab97ce403110664 -> 
  custom:audio-decoder-ogg-vorbis: bf7c407c2cedff20999df2af8eb42d56 -> 
  custom:audio-encoder-webm-vorbis: bf7c407c2cedff20999df2af8eb42d56 -> 
========================================================================
Received Import Request.
  Time since last request: 9794.882663 seconds.
  path: Assets/UMA/Content/Core/HumanFemale/Slots/UMA_Human_Female_Head_AnimeElvenEars_Slot.asset
  artifactKey: Guid(31a3361c6d7b5464c9f17bf3bc570852) Importer(815301076,1909f56bfc062723c751e8b465ee728b)
Start importing Assets/UMA/Content/Core/HumanFemale/Slots/UMA_Human_Female_Head_AnimeElvenEars_Slot.asset using Guid(31a3361c6d7b5464c9f17bf3bc570852) Importer(815301076,1909f56bfc062723c751e8b465ee728b) [PhysX] Initialized MultithreadedTaskDispatcher with 24 workers.
 -> (artifact id: '20b8645707aa5e9338eecd045d848b30') in 0.167274 seconds
Number of updated asset objects reloaded before import = 0
Number of asset objects unloaded after import = 3
========================================================================
Received Import Request.
  Time since last request: 0.000054 seconds.
  path: Assets/UMA/Content/Core/HumanMale/TPoses/Male_Unified_TPose_Mecanim.asset
  artifactKey: Guid(7968f6d31254e834baae2a146ca11f89) Importer(815301076,1909f56bfc062723c751e8b465ee728b)
Start importing Assets/UMA/Content/Core/HumanMale/TPoses/Male_Unified_TPose_Mecanim.asset using Guid(7968f6d31254e834baae2a146ca11f89) Importer(815301076,1909f56bfc062723c751e8b465ee728b) [PhysX] Initialized MultithreadedTaskDispatcher with 24 workers.
 -> (artifact id: 'a296b856ce35f0c0af0454bd5af3116c') in 0.016029 seconds
Number of updated asset objects reloaded before import = 0
Number of asset objects unloaded after import = 1
========================================================================
Received Import Request.
  Time since last request: 0.000116 seconds.
  path: Assets/UMA/Content/Core/HumanMale/TPoses/Male_Unified_TPose_Mecanim_Tight.asset
  artifactKey: Guid(29ec3eaa97546b241abb9d537cdf7166) Importer(815301076,1909f56bfc062723c751e8b465ee728b)
Start importing Assets/UMA/Content/Core/HumanMale/TPoses/Male_Unified_TPose_Mecanim_Tight.asset using Guid(29ec3eaa97546b241abb9d537cdf7166) Importer(815301076,1909f56bfc062723c751e8b465ee728b) [PhysX] Initialized MultithreadedTaskDispatcher with 24 workers.
 -> (artifact id: '0ea93575bbf40761091bfb5b5ce5c62a') in 0.002097 seconds
Number of updated asset objects reloaded before import = 0
Number of asset objects unloaded after import = 1
========================================================================
Received Import Request.
  Time since last request: 0.000133 seconds.
  path: Assets/InterrogationScene.unity
  artifactKey: Guid(4da6aa28e6e128b4e9602fd5ae33f178) Importer(815301076,1909f56bfc062723c751e8b465ee728b)
Start importing Assets/InterrogationScene.unity using Guid(4da6aa28e6e128b4e9602fd5ae33f178) Importer(815301076,1909f56bfc062723c751e8b465ee728b) [PhysX] Initialized MultithreadedTaskDispatcher with 24 workers.
 -> (artifact id: '6673c78abc43fc387482413f50625517') in 0.001197 seconds
Number of updated asset objects reloaded before import = 0
Number of asset objects unloaded after import = 0
========================================================================
Received Import Request.
  Time since last request: 0.000147 seconds.
  path: Assets/UMA/Content/Core/HumanFemale/TPoses/Female_Unified_TPose_Mecanim_Tight.asset
  artifactKey: Guid(f8ede83e87bbeee4183e763fa73881f0) Importer(815301076,1909f56bfc062723c751e8b465ee728b)
Start importing Assets/UMA/Content/Core/HumanFemale/TPoses/Female_Unified_TPose_Mecanim_Tight.asset using Guid(f8ede83e87bbeee4183e763fa73881f0) Importer(815301076,1909f56bfc062723c751e8b465ee728b) [PhysX] Initialized MultithreadedTaskDispatcher with 24 workers.
 -> (artifact id: 'f3f26e0207000584fdbee3d335631882') in 0.015581 seconds
Number of updated asset objects reloaded before import = 0
Number of asset objects unloaded after import = 1
========================================================================
Received Import Request.
  Time since last request: 0.000183 seconds.
  path: Assets/UMA/Content/Core/HumanFemale/TPoses/Female_Unified_TPose_Mecanim_Heels.asset
  artifactKey: Guid(13fadbce0f5d03043adf22f8bac7e847) Importer(815301076,1909f56bfc062723c751e8b465ee728b)
Start importing Assets/UMA/Content/Core/HumanFemale/TPoses/Female_Unified_TPose_Mecanim_Heels.asset using Guid(13fadbce0f5d03043adf22f8bac7e847) Importer(815301076,1909f56bfc062723c751e8b465ee728b) [PhysX] Initialized MultithreadedTaskDispatcher with 24 workers.
 -> (artifact id: '3bc404733237d72826a5a2bc83f83b14') in 0.002548 seconds
Number of updated asset objects reloaded before import = 0
Number of asset objects unloaded after import = 1
========================================================================
Received Import Request.
  Time since last request: 0.000072 seconds.
  path: Assets/UMA/Content/Core/HumanFemale/TPoses/Female_Unified_TPose_Mecanim.asset
  artifactKey: Guid(ca3cba1ee015c44b2adb0cdf0a8e0c87) Importer(815301076,1909f56bfc062723c751e8b465ee728b)
Start importing Assets/UMA/Content/Core/HumanFemale/TPoses/Female_Unified_TPose_Mecanim.asset using Guid(ca3cba1ee015c44b2adb0cdf0a8e0c87) Importer(815301076,1909f56bfc062723c751e8b465ee728b) [PhysX] Initialized MultithreadedTaskDispatcher with 24 workers.
 -> (artifact id: 'd028edd530c89f6e79fff5f866f4ae76') in 0.015170 seconds
Number of updated asset objects reloaded before import = 0
Number of asset objects unloaded after import = 1
========================================================================
Received Import Request.
  Time since last request: 218.387082 seconds.
  path: Assets/UMA/InternalDataStore/InGame/Resources/PlaceholderAssets/RuntimeAnimatorControllerPlaceholder.controller
  artifactKey: Guid(b4357ee1f94b2474bb1ce0e93e509d83) Importer(815301076,1909f56bfc062723c751e8b465ee728b)
Start importing Assets/UMA/InternalDataStore/InGame/Resources/PlaceholderAssets/RuntimeAnimatorControllerPlaceholder.controller using Guid(b4357ee1f94b2474bb1ce0e93e509d83) Importer(815301076,1909f56bfc062723c751e8b465ee728b) [PhysX] Initialized MultithreadedTaskDispatcher with 24 workers.
 -> (artifact id: '80bb2e121f552fc2ac5260f6deccb8e3') in 0.164918 seconds
Number of updated asset objects reloaded before import = 0
Number of asset objects unloaded after import = 9
========================================================================
Received Import Request.
  Time since last request: 26.809136 seconds.
  path: Assets/Interrogation Officer.controller
  artifactKey: Guid(3d8e55b780193544c9d85881cb6bb188) Importer(815301076,1909f56bfc062723c751e8b465ee728b)
Start importing Assets/Interrogation Officer.controller using Guid(3d8e55b780193544c9d85881cb6bb188) Importer(815301076,1909f56bfc062723c751e8b465ee728b) [PhysX] Initialized MultithreadedTaskDispatcher with 24 workers.
 -> (artifact id: 'e256085b8b7384410b917efc2a2e6bf5') in 0.002995 seconds
Number of updated asset objects reloaded before import = 0
Number of asset objects unloaded after import = 1
========================================================================
Received Import Request.
  Time since last request: 441.268063 seconds.
  path: Assets/Emotion Animations/Gestures Pack Basic/X Bot.fbx
  artifactKey: Guid(b923a2c452113454b85d781df634d8a7) Importer(815301076,1909f56bfc062723c751e8b465ee728b)
Start importing Assets/Emotion Animations/Gestures Pack Basic/X Bot.fbx using Guid(b923a2c452113454b85d781df634d8a7) Importer(815301076,1909f56bfc062723c751e8b465ee728b) [PhysX] Initialized MultithreadedTaskDispatcher with 24 workers.
[PhysX] Initialized MultithreadedTaskDispatcher with 24 workers.
[PhysX] Initialized MultithreadedTaskDispatcher with 24 workers.
[PhysX] Initialized MultithreadedTaskDispatcher with 24 workers.
[PhysX] Initialized MultithreadedTaskDispatcher with 24 workers.
[PhysX] Initialized MultithreadedTaskDispatcher with 24 workers.
[PhysX] Initialized MultithreadedTaskDispatcher with 24 workers.
[PhysX] Initialized MultithreadedTaskDispatcher with 24 workers.
 -> (artifact id: '4ddeb4b408ff651d0ae788ca0cc4db84') in 0.431993 seconds
Number of updated asset objects reloaded before import = 0
Number of asset objects unloaded after import = 144
========================================================================
Received Import Request.
  Time since last request: 0.000051 seconds.
  path: Assets/UMA/Content/Core/HumanMale/Expressions/Male Poses/EyeSquint_L.asset
  artifactKey: Guid(96184428476dda6408249a9a6e526947) Importer(815301076,1909f56bfc062723c751e8b465ee728b)
Start importing Assets/UMA/Content/Core/HumanMale/Expressions/Male Poses/EyeSquint_L.asset using Guid(96184428476dda6408249a9a6e526947) Importer(815301076,1909f56bfc062723c751e8b465ee728b) [PhysX] Initialized MultithreadedTaskDispatcher with 24 workers.
 -> (artifact id: '7659f3d35aed392730549f20fab4330c') in 0.020131 seconds
Number of updated asset objects reloaded before import = 0
Number of asset objects unloaded after import = 1
========================================================================
Received Import Request.
  Time since last request: 3.586835 seconds.
  path: Assets/Interrogation Officer.controller
  artifactKey: Guid(3d8e55b780193544c9d85881cb6bb188) Importer(815301076,1909f56bfc062723c751e8b465ee728b)
Start importing Assets/Interrogation Officer.controller using Guid(3d8e55b780193544c9d85881cb6bb188) Importer(815301076,1909f56bfc062723c751e8b465ee728b) [PhysX] Initialized MultithreadedTaskDispatcher with 24 workers.
 -> (artifact id: 'aca424c8c41ba042b1f3b3643ab9a403') in 0.005421 seconds
Number of updated asset objects reloaded before import = 0
Number of asset objects unloaded after import = 4
